Archive member included to satisfy reference by file (symbol)

/home/pi/pinetime-rust-mynewt/bin/targets/nrf52_boot/app/hw/bsp/nrf52/hw_bsp_nrf52.a(gcc_startup_nrf52.o)
                              (Reset_Handler)
/home/pi/pinetime-rust-mynewt/bin/targets/nrf52_boot/app/hw/bsp/nrf52/hw_bsp_nrf52.a(sbrk.o)
                              /home/pi/pinetime-rust-mynewt/bin/targets/nrf52_boot/app/hw/bsp/nrf52/hw_bsp_nrf52.a(gcc_startup_nrf52.o) (_sbrkInit)
/home/pi/pinetime-rust-mynewt/bin/targets/nrf52_boot/app/hw/mcu/nordic/nrf52xxx/hw_mcu_nordic_nrf52xxx.a(hal_system.o)
                              /home/pi/pinetime-rust-mynewt/bin/targets/nrf52_boot/app/hw/bsp/nrf52/hw_bsp_nrf52.a(gcc_startup_nrf52.o) (hal_system_init)
/home/pi/pinetime-rust-mynewt/bin/targets/nrf52_boot/app/hw/mcu/nordic/nrf52xxx/hw_mcu_nordic_nrf52xxx.a(system_nrf52.o)
                              /home/pi/pinetime-rust-mynewt/bin/targets/nrf52_boot/app/hw/bsp/nrf52/hw_bsp_nrf52.a(gcc_startup_nrf52.o) (SystemInit)
/home/pi/pinetime-rust-mynewt/bin/targets/nrf52_boot/app/libc/baselibc/libc_baselibc.a(start.o)
                              /home/pi/pinetime-rust-mynewt/bin/targets/nrf52_boot/app/hw/bsp/nrf52/hw_bsp_nrf52.a(gcc_startup_nrf52.o) (_start)
/home/pi/pinetime-rust-mynewt/bin/targets/nrf52_boot/app/apps/boot_stub/apps_boot_stub.a(boot.o)
                              /home/pi/pinetime-rust-mynewt/bin/targets/nrf52_boot/app/libc/baselibc/libc_baselibc.a(start.o) (main)
/home/pi/pinetime-rust-mynewt/bin/targets/nrf52_boot/app/hw/bsp/nrf52/hw_bsp_nrf52.a(hal_bsp.o)
                              /home/pi/pinetime-rust-mynewt/bin/targets/nrf52_boot/app/apps/boot_stub/apps_boot_stub.a(boot.o) (hal_bsp_init)
/home/pi/pinetime-rust-mynewt/bin/targets/nrf52_boot/app/hw/cmsis-core/hw_cmsis-core.a(cmsis_nvic.o)
                              /home/pi/pinetime-rust-mynewt/bin/targets/nrf52_boot/app/hw/mcu/nordic/nrf52xxx/hw_mcu_nordic_nrf52xxx.a(system_nrf52.o) (NVIC_Relocate)
/home/pi/pinetime-rust-mynewt/bin/targets/nrf52_boot/app/hw/hal/hw_hal.a(hal_common.o)
                              /home/pi/pinetime-rust-mynewt/bin/targets/nrf52_boot/app/libc/baselibc/libc_baselibc.a(start.o) (_exit)
/home/pi/pinetime-rust-mynewt/bin/targets/nrf52_boot/app/hw/mcu/nordic/nrf52xxx/hw_mcu_nordic_nrf52xxx.a(hal_flash.o)
                              /home/pi/pinetime-rust-mynewt/bin/targets/nrf52_boot/app/hw/bsp/nrf52/hw_bsp_nrf52.a(hal_bsp.o) (nrf52k_flash_dev)
/home/pi/pinetime-rust-mynewt/bin/targets/nrf52_boot/app/hw/mcu/nordic/nrf52xxx/hw_mcu_nordic_nrf52xxx.a(hal_reset_cause.o)
                              /home/pi/pinetime-rust-mynewt/bin/targets/nrf52_boot/app/hw/hal/hw_hal.a(hal_common.o) (hal_reset_cause)
/home/pi/pinetime-rust-mynewt/bin/targets/nrf52_boot/app/hw/mcu/nordic/nrf52xxx/hw_mcu_nordic_nrf52xxx.a(hal_system_start.o)
                              /home/pi/pinetime-rust-mynewt/bin/targets/nrf52_boot/app/apps/boot_stub/apps_boot_stub.a(boot.o) (hal_system_start)
/home/pi/pinetime-rust-mynewt/bin/targets/nrf52_boot/app/hw/mcu/nordic/nrf52xxx/hw_mcu_nordic_nrf52xxx.a(nrf52_periph.o)
                              /home/pi/pinetime-rust-mynewt/bin/targets/nrf52_boot/app/hw/bsp/nrf52/hw_bsp_nrf52.a(hal_bsp.o) (nrf52_periph_create)
/home/pi/pinetime-rust-mynewt/bin/targets/nrf52_boot/app/hw/mcu/nordic/nrf52xxx/hw_mcu_nordic_nrf52xxx.a(hal_timer.o)
                              /home/pi/pinetime-rust-mynewt/bin/targets/nrf52_boot/app/hw/mcu/nordic/nrf52xxx/hw_mcu_nordic_nrf52xxx.a(nrf52_periph.o) (hal_timer_init)
/home/pi/pinetime-rust-mynewt/bin/targets/nrf52_boot/app/kernel/os/kernel_os.a(os_fault.o)
                              /home/pi/pinetime-rust-mynewt/bin/targets/nrf52_boot/app/hw/mcu/nordic/nrf52xxx/hw_mcu_nordic_nrf52xxx.a(hal_flash.o) (__assert_func)
/home/pi/pinetime-rust-mynewt/bin/targets/nrf52_boot/app/kernel/os/kernel_os.a(os_cputime.o)
                              /home/pi/pinetime-rust-mynewt/bin/targets/nrf52_boot/app/hw/mcu/nordic/nrf52xxx/hw_mcu_nordic_nrf52xxx.a(nrf52_periph.o) (os_cputime_init)
/home/pi/pinetime-rust-mynewt/bin/targets/nrf52_boot/app/kernel/os/kernel_os.a(os_cputime_1mhz.o)
                              /home/pi/pinetime-rust-mynewt/bin/targets/nrf52_boot/app/kernel/os/kernel_os.a(os_cputime.o) (os_cputime_nsecs_to_ticks)
/home/pi/pinetime-rust-mynewt/bin/targets/nrf52_boot/app/kernel/os/kernel_os.a(os_arch_arm.o)
                              /home/pi/pinetime-rust-mynewt/bin/targets/nrf52_boot/app/kernel/os/kernel_os.a(os_fault.o) (os_arch_save_sr)
/home/pi/pinetime-rust-mynewt/bin/targets/nrf52_boot/app/kernel/os/kernel_os.a(os.o)
                              /home/pi/pinetime-rust-mynewt/bin/targets/nrf52_boot/app/kernel/os/kernel_os.a(os_arch_arm.o) (g_os_started)
/home/pi/pinetime-rust-mynewt/bin/targets/nrf52_boot/app/kernel/os/kernel_os.a(os_callout.o)
                              /home/pi/pinetime-rust-mynewt/bin/targets/nrf52_boot/app/kernel/os/kernel_os.a(os.o) (g_callout_list)
[...]
Memory Configuration

Name             Origin             Length             Attributes
FLASH            0x00000000         0x00004000         xr
RAM              0x20000000         0x00010000         xrw
*default*        0x00000000         0xffffffff

Linker script and memory map

START GROUP
LOAD /home/pi/pinetime-rust-mynewt/bin/targets/nrf52_boot/app/apps/boot_stub/apps_boot_stub.a
LOAD /home/pi/pinetime-rust-mynewt/bin/targets/nrf52_boot/app/hw/bsp/nrf52/hw_bsp_nrf52.a
LOAD /home/pi/pinetime-rust-mynewt/bin/targets/nrf52_boot/app/hw/cmsis-core/hw_cmsis-core.a
LOAD /home/pi/pinetime-rust-mynewt/bin/targets/nrf52_boot/app/hw/hal/hw_hal.a
LOAD /home/pi/pinetime-rust-mynewt/bin/targets/nrf52_boot/app/hw/mcu/nordic/hw_mcu_nordic.a
LOAD /home/pi/pinetime-rust-mynewt/bin/targets/nrf52_boot/app/hw/mcu/nordic/nrf52xxx/hw_mcu_nordic_nrf52xxx.a
LOAD /home/pi/pinetime-rust-mynewt/bin/targets/nrf52_boot/app/kernel/os/kernel_os.a
LOAD /home/pi/pinetime-rust-mynewt/bin/targets/nrf52_boot/app/libc/baselibc/libc_baselibc.a
LOAD /home/pi/pinetime-rust-mynewt/bin/targets/nrf52_boot/app/sys/flash_map/sys_flash_map.a
LOAD /home/pi/pinetime-rust-mynewt/bin/targets/nrf52_boot/app/sys/log/modlog/sys_log_modlog.a
LOAD /home/pi/pinetime-rust-mynewt/bin/targets/nrf52_boot/app/sys/log/stub/sys_log_stub.a
LOAD /home/pi/pinetime-rust-mynewt/bin/targets/nrf52_boot/app/sys/mfg/sys_mfg.a
LOAD /home/pi/pinetime-rust-mynewt/bin/targets/nrf52_boot/app/sys/sysdown/sys_sysdown.a
LOAD /home/pi/pinetime-rust-mynewt/bin/targets/nrf52_boot/app/sys/sysinit/sys_sysinit.a
LOAD /home/pi/pinetime-rust-mynewt/bin/targets/nrf52_boot/app/util/mem/util_mem.a
LOAD /home/pi/pinetime-rust-mynewt/bin/targets/nrf52_boot/app/util/rwlock/util_rwlock.a
LOAD /home/pi/pinetime-rust-mynewt/bin/targets/nrf52_boot/generated/bin/nrf52_boot-sysinit-app.a
END GROUP
LOAD /usr/lib/gcc/arm-none-eabi/7.3.1/thumb/v7e-m/libgcc.a
START GROUP
LOAD /usr/lib/gcc/arm-none-eabi/7.3.1/thumb/v7e-m/libgcc.a
LOAD /usr/lib/gcc/arm-none-eabi/7.3.1/../../../arm-none-eabi/lib/thumb/v7e-m/libg.a
LOAD /usr/lib/gcc/arm-none-eabi/7.3.1/../../../arm-none-eabi/lib/thumb/v7e-m/libc.a
END GROUP
START GROUP
LOAD /usr/lib/gcc/arm-none-eabi/7.3.1/thumb/v7e-m/libgcc.a
LOAD /usr/lib/gcc/arm-none-eabi/7.3.1/../../../arm-none-eabi/lib/thumb/v7e-m/libc.a
LOAD /usr/lib/gcc/arm-none-eabi/7.3.1/../../../arm-none-eabi/lib/thumb/v7e-m/libnosys.a
END GROUP
                0x00000000                _imghdr_size = 0x0

.imghdr         0x00000000        0x0
                0x00000000                . = (. + _imghdr_size)
                0x00000000                __text = .

.text           0x00000000      0xb48
                0x00000000                __isr_vector_start = .
 *(.isr_vector)
 .isr_vector    0x00000000       0xd8 /home/pi/pinetime-rust-mynewt/bin/targets/nrf52_boot/app/hw/bsp/nrf52/hw_bsp_nrf52.a(gcc_startup_nrf52.o)
                0x00000000                __isr_vector
                0x000000d8                __isr_vector_end = .
 *(.text*)
 .text          0x000000d8       0x70 /home/pi/pinetime-rust-mynewt/bin/targets/nrf52_boot/app/hw/bsp/nrf52/hw_bsp_nrf52.a(gcc_startup_nrf52.o)
                0x000000d8                Reset_Handler
                0x00000134                NMI_Handler
                0x00000136                HardFault_Handler
                0x00000138                MemoryManagement_Handler
                0x0000013a                BusFault_Handler
                0x0000013c                UsageFault_Handler
                0x00000144                TIMER2_IRQHandler
                0x00000144                RTC0_IRQHandler
                0x00000144                SWI0_EGU0_IRQHandler
                0x00000144                SWI2_EGU2_IRQHandler
                0x00000144                GPIOTE_IRQHandler
                0x00000144                PWM1_IRQHandler
                0x00000144                POWER_CLOCK_IRQHandler
                0x00000144                RADIO_IRQHandler
                0x00000144                PDM_IRQHandler
                0x00000144                TEMP_IRQHandler
                0x00000144                QDEC_IRQHandler
                0x00000144                TIMER3_IRQHandler
                0x00000144                SPIM0_SPIS0_TWIM0_TWIS0_SPI0_TWI0_IRQHandler
                0x00000144                UARTE0_UART0_IRQHandler
                0x00000144                TIMER4_IRQHandler
                0x00000144                I2S_IRQHandler
                0x00000144                SWI4_EGU4_IRQHandler
                0x00000144                TIMER0_IRQHandler
                0x00000144                TIMER1_IRQHandler
                0x00000144                PWM2_IRQHandler
                0x00000144                ECB_IRQHandler
                0x00000144                SPIM1_SPIS1_TWIM1_TWIS1_SPI1_TWI1_IRQHandler
                0x00000144                Default_Handler
                0x00000144                SAADC_IRQHandler
                0x00000144                CCM_AAR_IRQHandler
                0x00000144                WDT_IRQHandler
                0x00000144                SWI5_EGU5_IRQHandler
                0x00000144                RNG_IRQHandler
                0x00000144                RTC2_IRQHandler
                0x00000144                PWM0_IRQHandler
                0x00000144                SWI3_EGU3_IRQHandler
                0x00000144                RTC1_IRQHandler
                0x00000144                SWI1_EGU1_IRQHandler
                0x00000144                SPIM2_SPIS2_SPI2_IRQHandler
                0x00000144                NFCT_IRQHandler
                0x00000144                MWU_IRQHandler
                0x00000144                COMP_LPCOMP_IRQHandler
 .text._sbrkInit
                0x00000148       0x10 /home/pi/pinetime-rust-mynewt/bin/targets/nrf52_boot/app/hw/bsp/nrf52/hw_bsp_nrf52.a(sbrk.o)
                0x00000148                _sbrkInit
 .text.hal_system_init
                0x00000158        0xc /home/pi/pinetime-rust-mynewt/bin/targets/nrf52_boot/app/hw/mcu/nordic/nrf52xxx/hw_mcu_nordic_nrf52xxx.a(hal_system.o)
                0x00000158                hal_system_init
 .text.hal_debugger_connected
                0x00000164       0x10 /home/pi/pinetime-rust-mynewt/bin/targets/nrf52_boot/app/hw/mcu/nordic/nrf52xxx/hw_mcu_nordic_nrf52xxx.a(hal_system.o)
                0x00000164                hal_debugger_connected
 .text.hal_system_reset
                0x00000174       0x2c /home/pi/pinetime-rust-mynewt/bin/targets/nrf52_boot/app/hw/mcu/nordic/nrf52xxx/hw_mcu_nordic_nrf52xxx.a(hal_system.o)
                0x00000174                hal_system_reset
 .text.hal_system_clock_start
                0x000001a0       0x4c /home/pi/pinetime-rust-mynewt/bin/targets/nrf52_boot/app/hw/mcu/nordic/nrf52xxx/hw_mcu_nordic_nrf52xxx.a(hal_system.o)
                0x000001a0                hal_system_clock_start
 .text.errata_16
                0x000001ec       0x3c /home/pi/pinetime-rust-mynewt/bin/targets/nrf52_boot/app/hw/mcu/nordic/nrf52xxx/hw_mcu_nordic_nrf52xxx.a(system_nrf52.o)
 .text.errata_31
                0x00000228       0x4c /home/pi/pinetime-rust-mynewt/bin/targets/nrf52_boot/app/hw/mcu/nordic/nrf52xxx/hw_mcu_nordic_nrf52xxx.a(system_nrf52.o)
 .text.errata_32
                0x00000274       0x3c /home/pi/pinetime-rust-mynewt/bin/targets/nrf52_boot/app/hw/mcu/nordic/nrf52xxx/hw_mcu_nordic_nrf52xxx.a(system_nrf52.o)
 .text.errata_36
                0x000002b0       0x4c /home/pi/pinetime-rust-mynewt/bin/targets/nrf52_boot/app/hw/mcu/nordic/nrf52xxx/hw_mcu_nordic_nrf52xxx.a(system_nrf52.o)
 .text.errata_37
                0x000002fc       0x3c /home/pi/pinetime-rust-mynewt/bin/targets/nrf52_boot/app/hw/mcu/nordic/nrf52xxx/hw_mcu_nordic_nrf52xxx.a(system_nrf52.o)
 .text.errata_57
                0x00000338       0x3c /home/pi/pinetime-rust-mynewt/bin/targets/nrf52_boot/app/hw/mcu/nordic/nrf52xxx/hw_mcu_nordic_nrf52xxx.a(system_nrf52.o)
 .text.errata_66
                0x00000374       0x3c /home/pi/pinetime-rust-mynewt/bin/targets/nrf52_boot/app/hw/mcu/nordic/nrf52xxx/hw_mcu_nordic_nrf52xxx.a(system_nrf52.o)
 .text.errata_108
                0x000003b0       0x4c /home/pi/pinetime-rust-mynewt/bin/targets/nrf52_boot/app/hw/mcu/nordic/nrf52xxx/hw_mcu_nordic_nrf52xxx.a(system_nrf52.o)
 .text.SystemCoreClockUpdate
                0x000003fc       0x10 /home/pi/pinetime-rust-mynewt/bin/targets/nrf52_boot/app/hw/mcu/nordic/nrf52xxx/hw_mcu_nordic_nrf52xxx.a(system_nrf52.o)
                0x000003fc                SystemCoreClockUpdate
 .text.SystemInit
                0x0000040c      0x1c0 /home/pi/pinetime-rust-mynewt/bin/targets/nrf52_boot/app/hw/mcu/nordic/nrf52xxx/hw_mcu_nordic_nrf52xxx.a(system_nrf52.o)
                0x0000040c                SystemInit
 .text._start   0x000005cc        0xe /home/pi/pinetime-rust-mynewt/bin/targets/nrf52_boot/app/libc/baselibc/libc_baselibc.a(start.o)
                0x000005cc                _start
 .text._init    0x000005da        0x2 /home/pi/pinetime-rust-mynewt/bin/targets/nrf52_boot/app/libc/baselibc/libc_baselibc.a(start.o)
                0x000005da                _init
 .text.main     0x000005dc       0x14 /home/pi/pinetime-rust-mynewt/bin/targets/nrf52_boot/app/apps/boot_stub/apps_boot_stub.a(boot.o)
                0x000005dc                main
 .text.hal_bsp_init
                0x000005f0        0xc /home/pi/pinetime-rust-mynewt/bin/targets/nrf52_boot/app/hw/bsp/nrf52/hw_bsp_nrf52.a(hal_bsp.o)
                0x000005f0                hal_bsp_init
 .text.NVIC_Relocate
                0x000005fc       0x34 /home/pi/pinetime-rust-mynewt/bin/targets/nrf52_boot/app/hw/cmsis-core/hw_cmsis-core.a(cmsis_nvic.o)
                0x000005fc                NVIC_Relocate
 .text._exit    0x00000630        0x6 /home/pi/pinetime-rust-mynewt/bin/targets/nrf52_boot/app/hw/hal/hw_hal.a(hal_common.o)
                0x00000630                _exit
 .text.hal_system_start
                0x00000636        0xa /home/pi/pinetime-rust-mynewt/bin/targets/nrf52_boot/app/hw/mcu/nordic/nrf52xxx/hw_mcu_nordic_nrf52xxx.a(hal_system_start.o)
                0x00000636                hal_system_start
 .text.nrf52_periph_create_timers
                0x00000640       0x34 /home/pi/pinetime-rust-mynewt/bin/targets/nrf52_boot/app/hw/mcu/nordic/nrf52xxx/hw_mcu_nordic_nrf52xxx.a(nrf52_periph.o)
 .text.nrf52_periph_create
                0x00000674        0x8 /home/pi/pinetime-rust-mynewt/bin/targets/nrf52_boot/app/hw/mcu/nordic/nrf52xxx/hw_mcu_nordic_nrf52xxx.a(nrf52_periph.o)
                0x00000674                nrf52_periph_create
 .text.nrf_read_timer_cntr
                0x0000067c        0xa /home/pi/pinetime-rust-mynewt/bin/targets/nrf52_boot/app/hw/mcu/nordic/nrf52xxx/hw_mcu_nordic_nrf52xxx.a(hal_timer.o)
 *fill*         0x00000686        0x2 
 .text.nrf_timer_set_ocmp
                0x00000688       0xb4 /home/pi/pinetime-rust-mynewt/bin/targets/nrf52_boot/app/hw/mcu/nordic/nrf52xxx/hw_mcu_nordic_nrf52xxx.a(hal_timer.o)
 .text.nrf_timer_disable_ocmp
                0x0000073c        0xa /home/pi/pinetime-rust-mynewt/bin/targets/nrf52_boot/app/hw/mcu/nordic/nrf52xxx/hw_mcu_nordic_nrf52xxx.a(hal_timer.o)
 .text.nrf_rtc_disable_ocmp
                0x00000746        0xa /home/pi/pinetime-rust-mynewt/bin/targets/nrf52_boot/app/hw/mcu/nordic/nrf52xxx/hw_mcu_nordic_nrf52xxx.a(hal_timer.o)
 .text.hal_timer_read_bsptimer
                0x00000750       0x54 /home/pi/pinetime-rust-mynewt/bin/targets/nrf52_boot/app/hw/mcu/nordic/nrf52xxx/hw_mcu_nordic_nrf52xxx.a(hal_timer.o)
 .text.hal_timer_chk_queue
                0x000007a4       0x76 /home/pi/pinetime-rust-mynewt/bin/targets/nrf52_boot/app/hw/mcu/nordic/nrf52xxx/hw_mcu_nordic_nrf52xxx.a(hal_timer.o)
 .text.hal_timer_irq_handler
                0x0000081a       0x2c /home/pi/pinetime-rust-mynewt/bin/targets/nrf52_boot/app/hw/mcu/nordic/nrf52xxx/hw_mcu_nordic_nrf52xxx.a(hal_timer.o)
 *fill*         0x00000846        0x2 
 .text.nrf52_timer0_irq_handler
                0x00000848       0x10 /home/pi/pinetime-rust-mynewt/bin/targets/nrf52_boot/app/hw/mcu/nordic/nrf52xxx/hw_mcu_nordic_nrf52xxx.a(hal_timer.o)
                0x00000848                nrf52_timer0_irq_handler
 .text.hal_timer_init
                0x00000858       0x60 /home/pi/pinetime-rust-mynewt/bin/targets/nrf52_boot/app/hw/mcu/nordic/nrf52xxx/hw_mcu_nordic_nrf52xxx.a(hal_timer.o)
                0x00000858                hal_timer_init
 .text.hal_timer_config
                0x000008b8       0xf8 /home/pi/pinetime-rust-mynewt/bin/targets/nrf52_boot/app/hw/mcu/nordic/nrf52xxx/hw_mcu_nordic_nrf52xxx.a(hal_timer.o)
                0x000008b8                hal_timer_config
 .text.__assert_func
                0x000009b0       0x24 /home/pi/pinetime-rust-mynewt/bin/targets/nrf52_boot/app/kernel/os/kernel_os.a(os_fault.o)
                0x000009b0                __assert_func
 .text.os_default_irq
                0x000009d4       0x18 /home/pi/pinetime-rust-mynewt/bin/targets/nrf52_boot/app/kernel/os/kernel_os.a(os_fault.o)
                0x000009d4                os_default_irq
 .text.os_cputime_init
                0x000009ec        0xc /home/pi/pinetime-rust-mynewt/bin/targets/nrf52_boot/app/kernel/os/kernel_os.a(os_cputime.o)
                0x000009ec                os_cputime_init
 .text.timer_handler
                0x000009f8        0xa /home/pi/pinetime-rust-mynewt/bin/targets/nrf52_boot/app/kernel/os/kernel_os.a(os_arch_arm.o)
                0x000009f8                timer_handler
 .text.os_arch_save_sr
                0x00000a02        0xc /home/pi/pinetime-rust-mynewt/bin/targets/nrf52_boot/app/kernel/os/kernel_os.a(os_arch_arm.o)
                0x00000a02                os_arch_save_sr
 *fill*         0x00000a0e        0x2 
 .text.os_time_advance
                0x00000a10       0x10 /home/pi/pinetime-rust-mynewt/bin/targets/nrf52_boot/app/kernel/os/kernel_os.a(os_time.o)
                0x00000a10                os_time_advance
 .text          0x00000a20       0xc8 /home/pi/pinetime-rust-mynewt/bin/targets/nrf52_boot/app/kernel/os/kernel_os.a(HAL_CM4.o)
                0x00000a20                os_set_env
                0x00000a34                os_arch_init_task_stack
                0x00000a3a                SVC_Handler
                0x00000a80                PendSV_Handler
                0x00000aaa                SysTick_Handler
                0x00000ab6                os_default_irq_asm
 *(.init)
 *(.fini)
 *crtbegin.o(.ctors)
 *crtbegin?.o(.ctors)
 *(EXCLUDE_FILE(*crtend.o *crtend?.o) .ctors)
 *(SORT_BY_NAME(.ctors.*))
 *(.ctors)
 *crtbegin.o(.dtors)
 *crtbegin?.o(.dtors)
 *(EXCLUDE_FILE(*crtend.o *crtend?.o) .dtors)
 *(SORT_BY_NAME(.dtors.*))
 *(.dtors)
 *(.rodata*)
 .rodata.nrf52_hal_timers
                0x00000ae8       0x18 /home/pi/pinetime-rust-mynewt/bin/targets/nrf52_boot/app/hw/mcu/nordic/nrf52xxx/hw_mcu_nordic_nrf52xxx.a(hal_timer.o)
 .rodata.sysflash_map_dflt
                0x00000b00       0x48 /home/pi/pinetime-rust-mynewt/bin/targets/nrf52_boot/generated/bin/nrf52_boot-sysinit-app.a(nrf52_boot-sysflash.o)
                0x00000b00                sysflash_map_dflt
 *(.eh_frame*)
                0x00000b48                . = ALIGN (0x4)

.glue_7         0x00000b48        0x0
 .glue_7        0x00000b48        0x0 linker stubs

.glue_7t        0x00000b48        0x0
 .glue_7t       0x00000b48        0x0 linker stubs

.vfp11_veneer   0x00000b48        0x0
 .vfp11_veneer  0x00000b48        0x0 linker stubs

.v4_bx          0x00000b48        0x0
 .v4_bx         0x00000b48        0x0 linker stubs

.iplt           0x00000b48        0x0
 .iplt          0x00000b48        0x0 /home/pi/pinetime-rust-mynewt/bin/targets/nrf52_boot/app/hw/bsp/nrf52/hw_bsp_nrf52.a(gcc_startup_nrf52.o)

.ARM.extab      0x00000b48        0x0
 *(.ARM.extab* .gnu.linkonce.armextab.*)
                0x00000b48                . = ALIGN (0x4)
                0x00000b48                __exidx_start = .

.ARM.exidx      0x00000b48       0x18
 *(.ARM.exidx* .gnu.linkonce.armexidx.*)
 .ARM.exidx     0x00000b48        0x8 /home/pi/pinetime-rust-mynewt/bin/targets/nrf52_boot/app/hw/bsp/nrf52/hw_bsp_nrf52.a(gcc_startup_nrf52.o)
 .ARM.exidx     0x00000b50       0x10 /home/pi/pinetime-rust-mynewt/bin/targets/nrf52_boot/app/kernel/os/kernel_os.a(HAL_CM4.o)
                                 0x30 (size before relaxing)
                0x00000b60                . = ALIGN (0x4)
                0x00000b60                __exidx_end = .
                0x00000b60                __etext = .

.rel.dyn        0x00000b60        0x0
 .rel.iplt      0x00000b60        0x0 /home/pi/pinetime-rust-mynewt/bin/targets/nrf52_boot/app/hw/bsp/nrf52/hw_bsp_nrf52.a(gcc_startup_nrf52.o)

.vector_relocation
                0x20000000       0xd8
                0x20000000                . = ALIGN (0x4)
                0x20000000                __vector_tbl_reloc__ = .
                0x200000d8                . = (. + (__isr_vector_end - __isr_vector_start))
 *fill*         0x20000000       0xd8 
                0x200000d8                . = ALIGN (0x4)

.rtt            0x200000d8        0x0
                0x200000d8                . = ALIGN (0x4)
 *(.rtt)
                0x200000d8                . = ALIGN (0x4)

.data           0x200000d8       0x18 load address 0x00000b60
                0x200000d8                __data_start__ = .
 *(vtable)
 *(.data*)
 .data          0x200000d8        0xc /home/pi/pinetime-rust-mynewt/bin/targets/nrf52_boot/app/hw/bsp/nrf52/hw_bsp_nrf52.a(sbrk.o)
 .data.SystemCoreClock
                0x200000e4        0x4 /home/pi/pinetime-rust-mynewt/bin/targets/nrf52_boot/app/hw/mcu/nordic/nrf52xxx/hw_mcu_nordic_nrf52xxx.a(system_nrf52.o)
                0x200000e4                SystemCoreClock
 .data.g_os_run_list
                0x200000e8        0x8 /home/pi/pinetime-rust-mynewt/bin/targets/nrf52_boot/app/kernel/os/kernel_os.a(os_sched.o)
                0x200000e8                g_os_run_list
 .data          0x200000f0        0x0 /home/pi/pinetime-rust-mynewt/bin/targets/nrf52_boot/app/kernel/os/kernel_os.a(HAL_CM4.o)
                0x200000f0                __aeabi_unwind_cpp_pr0
                0x200000f0                . = ALIGN (0x4)
                [!provide]                PROVIDE (__preinit_array_start = .)
 *(.preinit_array)
                [!provide]                PROVIDE (__preinit_array_end = .)
                0x200000f0                . = ALIGN (0x4)
                [!provide]                PROVIDE (__init_array_start = .)
 *(SORT_BY_NAME(.init_array.*))
 *(.init_array)
                [!provide]                PROVIDE (__init_array_end = .)
                0x200000f0                . = ALIGN (0x4)
                [!provide]                PROVIDE (__fini_array_start = .)
 *(SORT_BY_NAME(.fini_array.*))
 *(.fini_array)
                [!provide]                PROVIDE (__fini_array_end = .)
 *(.jcr)
                0x200000f0                . = ALIGN (0x4)
                0x200000f0                __data_end__ = .

.igot.plt       0x200000f0        0x0 load address 0x00000b78
 .igot.plt      0x200000f0        0x0 /home/pi/pinetime-rust-mynewt/bin/targets/nrf52_boot/app/hw/bsp/nrf52/hw_bsp_nrf52.a(gcc_startup_nrf52.o)

.bssnz          0x200000f0        0x0 load address 0x00000b78
                0x200000f0                . = ALIGN (0x4)
                0x200000f0                __bssnz_start__ = .
 *(.bss.core.nz*)
                0x200000f0                . = ALIGN (0x4)
                0x200000f0                __bssnz_end__ = .

.bss            0x200000f0       0x2c load address 0x00000b78
                0x200000f0                . = ALIGN (0x4)
                0x200000f0                __bss_start__ = .
 *(.bss*)
 .bss.os_flags  0x200000f0        0x4 /home/pi/pinetime-rust-mynewt/bin/targets/nrf52_boot/app/kernel/os/kernel_os.a(os_arch_arm.o)
                0x200000f0                os_flags
 *(COMMON)
 COMMON         0x200000f4       0x1c /home/pi/pinetime-rust-mynewt/bin/targets/nrf52_boot/app/hw/mcu/nordic/nrf52xxx/hw_mcu_nordic_nrf52xxx.a(hal_timer.o)
                0x200000f4                nrf52_hal_timer0
 COMMON         0x20000110        0x8 /home/pi/pinetime-rust-mynewt/bin/targets/nrf52_boot/app/kernel/os/kernel_os.a(os_sched.o)
                0x20000110                g_current_task
                0x20000114                g_os_last_ctx_sw_time
 COMMON         0x20000118        0x4 /home/pi/pinetime-rust-mynewt/bin/targets/nrf52_boot/app/kernel/os/kernel_os.a(os_time.o)
                0x20000118                g_os_time
                0x2000011c                . = ALIGN (0x4)
                0x2000011c                __bss_end__ = .
                0x20000120                . = ALIGN (0x8)
                0x20000120                __HeapBase = .

.stack_dummy    0x20000120      0x1b0 load address 0x00000b78
 *(.stack*)
 .stack         0x20000120      0x1b0 /home/pi/pinetime-rust-mynewt/bin/targets/nrf52_boot/app/hw/bsp/nrf52/hw_bsp_nrf52.a(gcc_startup_nrf52.o)
                0x20000000                _ram_start = ORIGIN (RAM)
                0x20010000                __StackTop = (ORIGIN (RAM) + LENGTH (RAM))
                0x2000fe50                __StackLimit = (__StackTop - SIZEOF (.stack_dummy))
                [!provide]                PROVIDE (__stack = __StackTop)
                0x2000fe50                __HeapLimit = __StackLimit
                0x00000001                ASSERT ((__HeapBase <= __HeapLimit), region RAM overflowed with stack)
OUTPUT(/home/pi/pinetime-rust-mynewt/bin/targets/nrf52_boot/app/apps/boot_stub/boot_stub.elf elf32-littlearm)

.heap           0x00000000        0x0
 .heap          0x00000000        0x0 /home/pi/pinetime-rust-mynewt/bin/targets/nrf52_boot/app/hw/bsp/nrf52/hw_bsp_nrf52.a(gcc_startup_nrf52.o)

.ARM.attributes
                0x00000000       0x2f
 .ARM.attributes
                0x00000000       0x1b /home/pi/pinetime-rust-mynewt/bin/targets/nrf52_boot/app/hw/bsp/nrf52/hw_bsp_nrf52.a(gcc_startup_nrf52.o)
 .ARM.attributes
                0x0000001b       0x33 /home/pi/pinetime-rust-mynewt/bin/targets/nrf52_boot/app/hw/bsp/nrf52/hw_bsp_nrf52.a(sbrk.o)
 .ARM.attributes
                0x0000004e       0x33 /home/pi/pinetime-rust-mynewt/bin/targets/nrf52_boot/app/hw/mcu/nordic/nrf52xxx/hw_mcu_nordic_nrf52xxx.a(hal_system.o)
 .ARM.attributes
                0x00000081       0x33 /home/pi/pinetime-rust-mynewt/bin/targets/nrf52_boot/app/hw/mcu/nordic/nrf52xxx/hw_mcu_nordic_nrf52xxx.a(system_nrf52.o)
 .ARM.attributes
                0x000000b4       0x33 /home/pi/pinetime-rust-mynewt/bin/targets/nrf52_boot/app/libc/baselibc/libc_baselibc.a(start.o)
 .ARM.attributes
                0x000000e7       0x33 /home/pi/pinetime-rust-mynewt/bin/targets/nrf52_boot/app/apps/boot_stub/apps_boot_stub.a(boot.o)
 .ARM.attributes
                0x0000011a       0x33 /home/pi/pinetime-rust-mynewt/bin/targets/nrf52_boot/app/hw/bsp/nrf52/hw_bsp_nrf52.a(hal_bsp.o)
 .ARM.attributes
                0x0000014d       0x33 /home/pi/pinetime-rust-mynewt/bin/targets/nrf52_boot/app/hw/cmsis-core/hw_cmsis-core.a(cmsis_nvic.o)
 .ARM.attributes
                0x00000180       0x33 /home/pi/pinetime-rust-mynewt/bin/targets/nrf52_boot/app/hw/hal/hw_hal.a(hal_common.o)
 .ARM.attributes
                0x000001b3       0x33 /home/pi/pinetime-rust-mynewt/bin/targets/nrf52_boot/app/hw/mcu/nordic/nrf52xxx/hw_mcu_nordic_nrf52xxx.a(hal_system_start.o)
 .ARM.attributes
                0x000001e6       0x33 /home/pi/pinetime-rust-mynewt/bin/targets/nrf52_boot/app/hw/mcu/nordic/nrf52xxx/hw_mcu_nordic_nrf52xxx.a(nrf52_periph.o)
 .ARM.attributes
                0x00000219       0x33 /home/pi/pinetime-rust-mynewt/bin/targets/nrf52_boot/app/hw/mcu/nordic/nrf52xxx/hw_mcu_nordic_nrf52xxx.a(hal_timer.o)
 .ARM.attributes
                0x0000024c       0x33 /home/pi/pinetime-rust-mynewt/bin/targets/nrf52_boot/app/kernel/os/kernel_os.a(os_fault.o)
 .ARM.attributes
                0x0000027f       0x33 /home/pi/pinetime-rust-mynewt/bin/targets/nrf52_boot/app/kernel/os/kernel_os.a(os_cputime.o)
 .ARM.attributes
                0x000002b2       0x33 /home/pi/pinetime-rust-mynewt/bin/targets/nrf52_boot/app/kernel/os/kernel_os.a(os_arch_arm.o)
 .ARM.attributes
                0x000002e5       0x33 /home/pi/pinetime-rust-mynewt/bin/targets/nrf52_boot/app/kernel/os/kernel_os.a(os_sched.o)
 .ARM.attributes
                0x00000318       0x33 /home/pi/pinetime-rust-mynewt/bin/targets/nrf52_boot/app/kernel/os/kernel_os.a(os_time.o)
 .ARM.attributes
                0x0000034b       0x21 /home/pi/pinetime-rust-mynewt/bin/targets/nrf52_boot/app/kernel/os/kernel_os.a(HAL_CM4.o)
 .ARM.attributes
                0x0000036c       0x33 /home/pi/pinetime-rust-mynewt/bin/targets/nrf52_boot/generated/bin/nrf52_boot-sysinit-app.a(nrf52_boot-sysflash.o)

.comment        0x00000000       0x57
 .comment       0x00000000       0x57 /home/pi/pinetime-rust-mynewt/bin/targets/nrf52_boot/app/hw/bsp/nrf52/hw_bsp_nrf52.a(sbrk.o)
                                 0x58 (size before relaxing)
 .comment       0x00000057       0x58 /home/pi/pinetime-rust-mynewt/bin/targets/nrf52_boot/app/hw/mcu/nordic/nrf52xxx/hw_mcu_nordic_nrf52xxx.a(hal_system.o)
 .comment       0x00000057       0x58 /home/pi/pinetime-rust-mynewt/bin/targets/nrf52_boot/app/hw/mcu/nordic/nrf52xxx/hw_mcu_nordic_nrf52xxx.a(system_nrf52.o)
 .comment       0x00000057       0x58 /home/pi/pinetime-rust-mynewt/bin/targets/nrf52_boot/app/libc/baselibc/libc_baselibc.a(start.o)
 .comment       0x00000057       0x58 /home/pi/pinetime-rust-mynewt/bin/targets/nrf52_boot/app/apps/boot_stub/apps_boot_stub.a(boot.o)
 .comment       0x00000057       0x58 /home/pi/pinetime-rust-mynewt/bin/targets/nrf52_boot/app/hw/bsp/nrf52/hw_bsp_nrf52.a(hal_bsp.o)
 .comment       0x00000057       0x58 /home/pi/pinetime-rust-mynewt/bin/targets/nrf52_boot/app/hw/cmsis-core/hw_cmsis-core.a(cmsis_nvic.o)
 .comment       0x00000057       0x58 /home/pi/pinetime-rust-mynewt/bin/targets/nrf52_boot/app/hw/hal/hw_hal.a(hal_common.o)
 .comment       0x00000057       0x58 /home/pi/pinetime-rust-mynewt/bin/targets/nrf52_boot/app/hw/mcu/nordic/nrf52xxx/hw_mcu_nordic_nrf52xxx.a(hal_system_start.o)
 .comment       0x00000057       0x58 /home/pi/pinetime-rust-mynewt/bin/targets/nrf52_boot/app/hw/mcu/nordic/nrf52xxx/hw_mcu_nordic_nrf52xxx.a(nrf52_periph.o)
 .comment       0x00000057       0x58 /home/pi/pinetime-rust-mynewt/bin/targets/nrf52_boot/app/hw/mcu/nordic/nrf52xxx/hw_mcu_nordic_nrf52xxx.a(hal_timer.o)
 .comment       0x00000057       0x58 /home/pi/pinetime-rust-mynewt/bin/targets/nrf52_boot/app/kernel/os/kernel_os.a(os_fault.o)
 .comment       0x00000057       0x58 /home/pi/pinetime-rust-mynewt/bin/targets/nrf52_boot/app/kernel/os/kernel_os.a(os_cputime.o)
 .comment       0x00000057       0x58 /home/pi/pinetime-rust-mynewt/bin/targets/nrf52_boot/app/kernel/os/kernel_os.a(os_arch_arm.o)
 .comment       0x00000057       0x58 /home/pi/pinetime-rust-mynewt/bin/targets/nrf52_boot/app/kernel/os/kernel_os.a(os_sched.o)
 .comment       0x00000057       0x58 /home/pi/pinetime-rust-mynewt/bin/targets/nrf52_boot/app/kernel/os/kernel_os.a(os_time.o)
 .comment       0x00000057       0x58 /home/pi/pinetime-rust-mynewt/bin/targets/nrf52_boot/generated/bin/nrf52_boot-sysinit-app.a(nrf52_boot-sysflash.o)

.svc_table      0x00000000        0x4
 .svc_table     0x00000000        0x4 /home/pi/pinetime-rust-mynewt/bin/targets/nrf52_boot/app/kernel/os/kernel_os.a(SVC_Table.o)
                0x00000000                SVC_Count
                0x00000000                SVC_Table

.debug_line     0x00000000     0x3fa1
 .debug_line    0x00000000       0x99 /home/pi/pinetime-rust-mynewt/bin/targets/nrf52_boot/app/hw/bsp/nrf52/hw_bsp_nrf52.a(gcc_startup_nrf52.o)
 .debug_line    0x00000099       0x68 /home/pi/pinetime-rust-mynewt/bin/targets/nrf52_boot/app/hw/bsp/nrf52/hw_bsp_nrf52.a(sbrk.o)
 .debug_line    0x00000101      0x1be /home/pi/pinetime-rust-mynewt/bin/targets/nrf52_boot/app/hw/mcu/nordic/nrf52xxx/hw_mcu_nordic_nrf52xxx.a(hal_system.o)
 .debug_line    0x000002bf      0x323 /home/pi/pinetime-rust-mynewt/bin/targets/nrf52_boot/app/hw/mcu/nordic/nrf52xxx/hw_mcu_nordic_nrf52xxx.a(system_nrf52.o)
 .debug_line    0x000005e2      0x395 /home/pi/pinetime-rust-mynewt/bin/targets/nrf52_boot/app/libc/baselibc/libc_baselibc.a(start.o)
 .debug_line    0x00000977      0x3ca /home/pi/pinetime-rust-mynewt/bin/targets/nrf52_boot/app/apps/boot_stub/apps_boot_stub.a(boot.o)
 .debug_line    0x00000d41      0x4bc /home/pi/pinetime-rust-mynewt/bin/targets/nrf52_boot/app/hw/bsp/nrf52/hw_bsp_nrf52.a(hal_bsp.o)
 .debug_line    0x000011fd      0x15a /home/pi/pinetime-rust-mynewt/bin/targets/nrf52_boot/app/hw/cmsis-core/hw_cmsis-core.a(cmsis_nvic.o)
 .debug_line    0x00001357      0x12d /home/pi/pinetime-rust-mynewt/bin/targets/nrf52_boot/app/hw/hal/hw_hal.a(hal_common.o)
 .debug_line    0x00001484      0x1e7 /home/pi/pinetime-rust-mynewt/bin/targets/nrf52_boot/app/hw/mcu/nordic/nrf52xxx/hw_mcu_nordic_nrf52xxx.a(hal_system_start.o)
 .debug_line    0x0000166b      0x4af /home/pi/pinetime-rust-mynewt/bin/targets/nrf52_boot/app/hw/mcu/nordic/nrf52xxx/hw_mcu_nordic_nrf52xxx.a(nrf52_periph.o)
 .debug_line    0x00001b1a      0x81b /home/pi/pinetime-rust-mynewt/bin/targets/nrf52_boot/app/hw/mcu/nordic/nrf52xxx/hw_mcu_nordic_nrf52xxx.a(hal_timer.o)
 .debug_line    0x00002335      0x4c5 /home/pi/pinetime-rust-mynewt/bin/targets/nrf52_boot/app/kernel/os/kernel_os.a(os_fault.o)
 .debug_line    0x000027fa      0x478 /home/pi/pinetime-rust-mynewt/bin/targets/nrf52_boot/app/kernel/os/kernel_os.a(os_cputime.o)
 .debug_line    0x00002c72      0x5eb /home/pi/pinetime-rust-mynewt/bin/targets/nrf52_boot/app/kernel/os/kernel_os.a(os_arch_arm.o)
 .debug_line    0x0000325d      0x601 /home/pi/pinetime-rust-mynewt/bin/targets/nrf52_boot/app/kernel/os/kernel_os.a(os_sched.o)
 .debug_line    0x0000385e      0x542 /home/pi/pinetime-rust-mynewt/bin/targets/nrf52_boot/app/kernel/os/kernel_os.a(os_time.o)
 .debug_line    0x00003da0       0xc9 /home/pi/pinetime-rust-mynewt/bin/targets/nrf52_boot/app/kernel/os/kernel_os.a(HAL_CM4.o)
 .debug_line    0x00003e69      0x138 /home/pi/pinetime-rust-mynewt/bin/targets/nrf52_boot/generated/bin/nrf52_boot-sysinit-app.a(nrf52_boot-sysflash.o)

.debug_info     0x00000000     0xa2a2
 .debug_info    0x00000000       0x26 /home/pi/pinetime-rust-mynewt/bin/targets/nrf52_boot/app/hw/bsp/nrf52/hw_bsp_nrf52.a(gcc_startup_nrf52.o)
 .debug_info    0x00000026      0x119 /home/pi/pinetime-rust-mynewt/bin/targets/nrf52_boot/app/hw/bsp/nrf52/hw_bsp_nrf52.a(sbrk.o)
 .debug_info    0x0000013f      0x8cb /home/pi/pinetime-rust-mynewt/bin/targets/nrf52_boot/app/hw/mcu/nordic/nrf52xxx/hw_mcu_nordic_nrf52xxx.a(hal_system.o)
 .debug_info    0x00000a0a      0xdc2 /home/pi/pinetime-rust-mynewt/bin/targets/nrf52_boot/app/hw/mcu/nordic/nrf52xxx/hw_mcu_nordic_nrf52xxx.a(system_nrf52.o)
 .debug_info    0x000017cc      0x646 /home/pi/pinetime-rust-mynewt/bin/targets/nrf52_boot/app/libc/baselibc/libc_baselibc.a(start.o)
 .debug_info    0x00001e12      0x616 /home/pi/pinetime-rust-mynewt/bin/targets/nrf52_boot/app/apps/boot_stub/apps_boot_stub.a(boot.o)
 .debug_info    0x00002428      0x873 /home/pi/pinetime-rust-mynewt/bin/targets/nrf52_boot/app/hw/bsp/nrf52/hw_bsp_nrf52.a(hal_bsp.o)
 .debug_info    0x00002c9b      0x2da /home/pi/pinetime-rust-mynewt/bin/targets/nrf52_boot/app/hw/cmsis-core/hw_cmsis-core.a(cmsis_nvic.o)
 .debug_info    0x00002f75      0x196 /home/pi/pinetime-rust-mynewt/bin/targets/nrf52_boot/app/hw/hal/hw_hal.a(hal_common.o)
 .debug_info    0x0000310b      0x2f3 /home/pi/pinetime-rust-mynewt/bin/targets/nrf52_boot/app/hw/mcu/nordic/nrf52xxx/hw_mcu_nordic_nrf52xxx.a(hal_system_start.o)
 .debug_info    0x000033fe      0x766 /home/pi/pinetime-rust-mynewt/bin/targets/nrf52_boot/app/hw/mcu/nordic/nrf52xxx/hw_mcu_nordic_nrf52xxx.a(nrf52_periph.o)
 .debug_info    0x00003b64     0x2496 /home/pi/pinetime-rust-mynewt/bin/targets/nrf52_boot/app/hw/mcu/nordic/nrf52xxx/hw_mcu_nordic_nrf52xxx.a(hal_timer.o)
 .debug_info    0x00005ffa      0xae9 /home/pi/pinetime-rust-mynewt/bin/targets/nrf52_boot/app/kernel/os/kernel_os.a(os_fault.o)
 .debug_info    0x00006ae3      0x99f /home/pi/pinetime-rust-mynewt/bin/targets/nrf52_boot/app/kernel/os/kernel_os.a(os_cputime.o)
 .debug_info    0x00007482     0x12f3 /home/pi/pinetime-rust-mynewt/bin/targets/nrf52_boot/app/kernel/os/kernel_os.a(os_arch_arm.o)
 .debug_info    0x00008775      0xc58 /home/pi/pinetime-rust-mynewt/bin/targets/nrf52_boot/app/kernel/os/kernel_os.a(os_sched.o)
 .debug_info    0x000093cd      0xd6b /home/pi/pinetime-rust-mynewt/bin/targets/nrf52_boot/app/kernel/os/kernel_os.a(os_time.o)
 .debug_info    0x0000a138       0x26 /home/pi/pinetime-rust-mynewt/bin/targets/nrf52_boot/app/kernel/os/kernel_os.a(HAL_CM4.o)
 .debug_info    0x0000a15e      0x144 /home/pi/pinetime-rust-mynewt/bin/targets/nrf52_boot/generated/bin/nrf52_boot-sysinit-app.a(nrf52_boot-sysflash.o)

.debug_abbrev   0x00000000     0x1ffa
 .debug_abbrev  0x00000000       0x14 /home/pi/pinetime-rust-mynewt/bin/targets/nrf52_boot/app/hw/bsp/nrf52/hw_bsp_nrf52.a(gcc_startup_nrf52.o)
 .debug_abbrev  0x00000014       0xb9 /home/pi/pinetime-rust-mynewt/bin/targets/nrf52_boot/app/hw/bsp/nrf52/hw_bsp_nrf52.a(sbrk.o)
 .debug_abbrev  0x000000cd      0x1cb /home/pi/pinetime-rust-mynewt/bin/targets/nrf52_boot/app/hw/mcu/nordic/nrf52xxx/hw_mcu_nordic_nrf52xxx.a(hal_system.o)
 .debug_abbrev  0x00000298      0x1de /home/pi/pinetime-rust-mynewt/bin/targets/nrf52_boot/app/hw/mcu/nordic/nrf52xxx/hw_mcu_nordic_nrf52xxx.a(system_nrf52.o)
 .debug_abbrev  0x00000476      0x194 /home/pi/pinetime-rust-mynewt/bin/targets/nrf52_boot/app/libc/baselibc/libc_baselibc.a(start.o)
 .debug_abbrev  0x0000060a      0x13b /home/pi/pinetime-rust-mynewt/bin/targets/nrf52_boot/app/apps/boot_stub/apps_boot_stub.a(boot.o)
 .debug_abbrev  0x00000745      0x1aa /home/pi/pinetime-rust-mynewt/bin/targets/nrf52_boot/app/hw/bsp/nrf52/hw_bsp_nrf52.a(hal_bsp.o)
 .debug_abbrev  0x000008ef       0xf5 /home/pi/pinetime-rust-mynewt/bin/targets/nrf52_boot/app/hw/cmsis-core/hw_cmsis-core.a(cmsis_nvic.o)
 .debug_abbrev  0x000009e4       0xe5 /home/pi/pinetime-rust-mynewt/bin/targets/nrf52_boot/app/hw/hal/hw_hal.a(hal_common.o)
 .debug_abbrev  0x00000ac9      0x1af /home/pi/pinetime-rust-mynewt/bin/targets/nrf52_boot/app/hw/mcu/nordic/nrf52xxx/hw_mcu_nordic_nrf52xxx.a(hal_system_start.o)
 .debug_abbrev  0x00000c78      0x196 /home/pi/pinetime-rust-mynewt/bin/targets/nrf52_boot/app/hw/mcu/nordic/nrf52xxx/hw_mcu_nordic_nrf52xxx.a(nrf52_periph.o)
 .debug_abbrev  0x00000e0e      0x474 /home/pi/pinetime-rust-mynewt/bin/targets/nrf52_boot/app/hw/mcu/nordic/nrf52xxx/hw_mcu_nordic_nrf52xxx.a(hal_timer.o)
 .debug_abbrev  0x00001282      0x1cd /home/pi/pinetime-rust-mynewt/bin/targets/nrf52_boot/app/kernel/os/kernel_os.a(os_fault.o)
 .debug_abbrev  0x0000144f      0x1b3 /home/pi/pinetime-rust-mynewt/bin/targets/nrf52_boot/app/kernel/os/kernel_os.a(os_cputime.o)
 .debug_abbrev  0x00001602      0x372 /home/pi/pinetime-rust-mynewt/bin/targets/nrf52_boot/app/kernel/os/kernel_os.a(os_arch_arm.o)
 .debug_abbrev  0x00001974      0x2e8 /home/pi/pinetime-rust-mynewt/bin/targets/nrf52_boot/app/kernel/os/kernel_os.a(os_sched.o)
 .debug_abbrev  0x00001c5c      0x2f9 /home/pi/pinetime-rust-mynewt/bin/targets/nrf52_boot/app/kernel/os/kernel_os.a(os_time.o)
 .debug_abbrev  0x00001f55       0x14 /home/pi/pinetime-rust-mynewt/bin/targets/nrf52_boot/app/kernel/os/kernel_os.a(HAL_CM4.o)
 .debug_abbrev  0x00001f69       0x91 /home/pi/pinetime-rust-mynewt/bin/targets/nrf52_boot/generated/bin/nrf52_boot-sysinit-app.a(nrf52_boot-sysflash.o)

.debug_aranges  0x00000000      0x4f0
 .debug_aranges
                0x00000000       0x20 /home/pi/pinetime-rust-mynewt/bin/targets/nrf52_boot/app/hw/bsp/nrf52/hw_bsp_nrf52.a(gcc_startup_nrf52.o)
 .debug_aranges
                0x00000020       0x28 /home/pi/pinetime-rust-mynewt/bin/targets/nrf52_boot/app/hw/bsp/nrf52/hw_bsp_nrf52.a(sbrk.o)
 .debug_aranges
                0x00000048       0x38 /home/pi/pinetime-rust-mynewt/bin/targets/nrf52_boot/app/hw/mcu/nordic/nrf52xxx/hw_mcu_nordic_nrf52xxx.a(hal_system.o)
 .debug_aranges
                0x00000080       0x68 /home/pi/pinetime-rust-mynewt/bin/targets/nrf52_boot/app/hw/mcu/nordic/nrf52xxx/hw_mcu_nordic_nrf52xxx.a(system_nrf52.o)
 .debug_aranges
                0x000000e8       0x28 /home/pi/pinetime-rust-mynewt/bin/targets/nrf52_boot/app/libc/baselibc/libc_baselibc.a(start.o)
 .debug_aranges
                0x00000110       0x20 /home/pi/pinetime-rust-mynewt/bin/targets/nrf52_boot/app/apps/boot_stub/apps_boot_stub.a(boot.o)
 .debug_aranges
                0x00000130       0x40 /home/pi/pinetime-rust-mynewt/bin/targets/nrf52_boot/app/hw/bsp/nrf52/hw_bsp_nrf52.a(hal_bsp.o)
 .debug_aranges
                0x00000170       0x20 /home/pi/pinetime-rust-mynewt/bin/targets/nrf52_boot/app/hw/cmsis-core/hw_cmsis-core.a(cmsis_nvic.o)
 .debug_aranges
                0x00000190       0x30 /home/pi/pinetime-rust-mynewt/bin/targets/nrf52_boot/app/hw/hal/hw_hal.a(hal_common.o)
 .debug_aranges
                0x000001c0       0x28 /home/pi/pinetime-rust-mynewt/bin/targets/nrf52_boot/app/hw/mcu/nordic/nrf52xxx/hw_mcu_nordic_nrf52xxx.a(hal_system_start.o)
 .debug_aranges
                0x000001e8       0x28 /home/pi/pinetime-rust-mynewt/bin/targets/nrf52_boot/app/hw/mcu/nordic/nrf52xxx/hw_mcu_nordic_nrf52xxx.a(nrf52_periph.o)
 .debug_aranges
                0x00000210       0xa8 /home/pi/pinetime-rust-mynewt/bin/targets/nrf52_boot/app/hw/mcu/nordic/nrf52xxx/hw_mcu_nordic_nrf52xxx.a(hal_timer.o)
 .debug_aranges
                0x000002b8       0x28 /home/pi/pinetime-rust-mynewt/bin/targets/nrf52_boot/app/kernel/os/kernel_os.a(os_fault.o)
 .debug_aranges
                0x000002e0       0x60 /home/pi/pinetime-rust-mynewt/bin/targets/nrf52_boot/app/kernel/os/kernel_os.a(os_cputime.o)
 .debug_aranges
                0x00000340       0x68 /home/pi/pinetime-rust-mynewt/bin/targets/nrf52_boot/app/kernel/os/kernel_os.a(os_arch_arm.o)
 .debug_aranges
                0x000003a8       0x78 /home/pi/pinetime-rust-mynewt/bin/targets/nrf52_boot/app/kernel/os/kernel_os.a(os_sched.o)
 .debug_aranges
                0x00000420       0x98 /home/pi/pinetime-rust-mynewt/bin/targets/nrf52_boot/app/kernel/os/kernel_os.a(os_time.o)
 .debug_aranges
                0x000004b8       0x20 /home/pi/pinetime-rust-mynewt/bin/targets/nrf52_boot/app/kernel/os/kernel_os.a(HAL_CM4.o)
 .debug_aranges
                0x000004d8       0x18 /home/pi/pinetime-rust-mynewt/bin/targets/nrf52_boot/generated/bin/nrf52_boot-sysinit-app.a(nrf52_boot-sysflash.o)

.debug_str      0x00000000     0x2488
 .debug_str     0x00000000       0x60 /home/pi/pinetime-rust-mynewt/bin/targets/nrf52_boot/app/hw/bsp/nrf52/hw_bsp_nrf52.a(gcc_startup_nrf52.o)
 .debug_str     0x00000060      0x15c /home/pi/pinetime-rust-mynewt/bin/targets/nrf52_boot/app/hw/bsp/nrf52/hw_bsp_nrf52.a(sbrk.o)
                                0x1b8 (size before relaxing)
 .debug_str     0x000001bc      0x3dd /home/pi/pinetime-rust-mynewt/bin/targets/nrf52_boot/app/hw/mcu/nordic/nrf52xxx/hw_mcu_nordic_nrf52xxx.a(hal_system.o)
                                0x549 (size before relaxing)
 .debug_str     0x00000599      0x274 /home/pi/pinetime-rust-mynewt/bin/targets/nrf52_boot/app/hw/mcu/nordic/nrf52xxx/hw_mcu_nordic_nrf52xxx.a(system_nrf52.o)
                                0x62b (size before relaxing)
 .debug_str     0x0000080d      0x307 /home/pi/pinetime-rust-mynewt/bin/targets/nrf52_boot/app/libc/baselibc/libc_baselibc.a(start.o)
                                0x541 (size before relaxing)
 .debug_str     0x00000b14       0x55 /home/pi/pinetime-rust-mynewt/bin/targets/nrf52_boot/app/apps/boot_stub/apps_boot_stub.a(boot.o)
                                0x54b (size before relaxing)
 .debug_str     0x00000b69      0x391 /home/pi/pinetime-rust-mynewt/bin/targets/nrf52_boot/app/hw/bsp/nrf52/hw_bsp_nrf52.a(hal_bsp.o)
                                0x8bf (size before relaxing)
 .debug_str     0x00000efa       0x78 /home/pi/pinetime-rust-mynewt/bin/targets/nrf52_boot/app/hw/cmsis-core/hw_cmsis-core.a(cmsis_nvic.o)
                                0x291 (size before relaxing)
 .debug_str     0x00000f72      0x11f /home/pi/pinetime-rust-mynewt/bin/targets/nrf52_boot/app/hw/hal/hw_hal.a(hal_common.o)
                                0x2b2 (size before relaxing)
 .debug_str     0x00001091       0xa7 /home/pi/pinetime-rust-mynewt/bin/targets/nrf52_boot/app/hw/mcu/nordic/nrf52xxx/hw_mcu_nordic_nrf52xxx.a(hal_system_start.o)
                                0x2e4 (size before relaxing)
 .debug_str     0x00001138      0x138 /home/pi/pinetime-rust-mynewt/bin/targets/nrf52_boot/app/hw/mcu/nordic/nrf52xxx/hw_mcu_nordic_nrf52xxx.a(nrf52_periph.o)
                                0x689 (size before relaxing)
 .debug_str     0x00001270      0x824 /home/pi/pinetime-rust-mynewt/bin/targets/nrf52_boot/app/hw/mcu/nordic/nrf52xxx/hw_mcu_nordic_nrf52xxx.a(hal_timer.o)
                               0x1299 (size before relaxing)
 .debug_str     0x00001a94      0x175 /home/pi/pinetime-rust-mynewt/bin/targets/nrf52_boot/app/kernel/os/kernel_os.a(os_fault.o)
                                0x70b (size before relaxing)
 .debug_str     0x00001c09      0x11d /home/pi/pinetime-rust-mynewt/bin/targets/nrf52_boot/app/kernel/os/kernel_os.a(os_cputime.o)
                                0x6d9 (size before relaxing)
 .debug_str     0x00001d26      0x298 /home/pi/pinetime-rust-mynewt/bin/targets/nrf52_boot/app/kernel/os/kernel_os.a(os_arch_arm.o)
                                0xc2d (size before relaxing)
 .debug_str     0x00001fbe      0x1b7 /home/pi/pinetime-rust-mynewt/bin/targets/nrf52_boot/app/kernel/os/kernel_os.a(os_sched.o)
                                0x8b0 (size before relaxing)
 .debug_str     0x00002175      0x295 /home/pi/pinetime-rust-mynewt/bin/targets/nrf52_boot/app/kernel/os/kernel_os.a(os_time.o)
                                0x8d5 (size before relaxing)
 .debug_str     0x0000240a       0x43 /home/pi/pinetime-rust-mynewt/bin/targets/nrf52_boot/app/kernel/os/kernel_os.a(HAL_CM4.o)
                                 0x6f (size before relaxing)
 .debug_str     0x0000244d       0x3b /home/pi/pinetime-rust-mynewt/bin/targets/nrf52_boot/generated/bin/nrf52_boot-sysinit-app.a(nrf52_boot-sysflash.o)
                                0x235 (size before relaxing)

.debug_loc      0x00000000     0x1e98
 .debug_loc     0x00000000       0x8d /home/pi/pinetime-rust-mynewt/bin/targets/nrf52_boot/app/hw/bsp/nrf52/hw_bsp_nrf52.a(sbrk.o)
 .debug_loc     0x0000008d       0x13 /home/pi/pinetime-rust-mynewt/bin/targets/nrf52_boot/app/libc/baselibc/libc_baselibc.a(start.o)
 .debug_loc     0x000000a0       0x20 /home/pi/pinetime-rust-mynewt/bin/targets/nrf52_boot/app/apps/boot_stub/apps_boot_stub.a(boot.o)
 .debug_loc     0x000000c0       0xf5 /home/pi/pinetime-rust-mynewt/bin/targets/nrf52_boot/app/hw/bsp/nrf52/hw_bsp_nrf52.a(hal_bsp.o)
 .debug_loc     0x000001b5       0x13 /home/pi/pinetime-rust-mynewt/bin/targets/nrf52_boot/app/hw/cmsis-core/hw_cmsis-core.a(cmsis_nvic.o)
 .debug_loc     0x000001c8       0xb9 /home/pi/pinetime-rust-mynewt/bin/targets/nrf52_boot/app/hw/hal/hw_hal.a(hal_common.o)
 .debug_loc     0x00000281       0x40 /home/pi/pinetime-rust-mynewt/bin/targets/nrf52_boot/app/hw/mcu/nordic/nrf52xxx/hw_mcu_nordic_nrf52xxx.a(hal_system_start.o)
 .debug_loc     0x000002c1       0x29 /home/pi/pinetime-rust-mynewt/bin/targets/nrf52_boot/app/hw/mcu/nordic/nrf52xxx/hw_mcu_nordic_nrf52xxx.a(nrf52_periph.o)
 .debug_loc     0x000002ea      0xc4e /home/pi/pinetime-rust-mynewt/bin/targets/nrf52_boot/app/hw/mcu/nordic/nrf52xxx/hw_mcu_nordic_nrf52xxx.a(hal_timer.o)
 .debug_loc     0x00000f38       0xa5 /home/pi/pinetime-rust-mynewt/bin/targets/nrf52_boot/app/kernel/os/kernel_os.a(os_fault.o)
 .debug_loc     0x00000fdd      0x2ef /home/pi/pinetime-rust-mynewt/bin/targets/nrf52_boot/app/kernel/os/kernel_os.a(os_cputime.o)
 .debug_loc     0x000012cc      0x263 /home/pi/pinetime-rust-mynewt/bin/targets/nrf52_boot/app/kernel/os/kernel_os.a(os_arch_arm.o)
 .debug_loc     0x0000152f      0x44f /home/pi/pinetime-rust-mynewt/bin/targets/nrf52_boot/app/kernel/os/kernel_os.a(os_sched.o)
 .debug_loc     0x0000197e      0x51a /home/pi/pinetime-rust-mynewt/bin/targets/nrf52_boot/app/kernel/os/kernel_os.a(os_time.o)

.debug_ranges   0x00000000      0x3b0
 .debug_ranges  0x00000000       0x18 /home/pi/pinetime-rust-mynewt/bin/targets/nrf52_boot/app/hw/bsp/nrf52/hw_bsp_nrf52.a(sbrk.o)
 .debug_ranges  0x00000018       0x28 /home/pi/pinetime-rust-mynewt/bin/targets/nrf52_boot/app/hw/mcu/nordic/nrf52xxx/hw_mcu_nordic_nrf52xxx.a(hal_system.o)
 .debug_ranges  0x00000040       0x58 /home/pi/pinetime-rust-mynewt/bin/targets/nrf52_boot/app/hw/mcu/nordic/nrf52xxx/hw_mcu_nordic_nrf52xxx.a(system_nrf52.o)
 .debug_ranges  0x00000098       0x18 /home/pi/pinetime-rust-mynewt/bin/targets/nrf52_boot/app/libc/baselibc/libc_baselibc.a(start.o)
 .debug_ranges  0x000000b0       0x10 /home/pi/pinetime-rust-mynewt/bin/targets/nrf52_boot/app/apps/boot_stub/apps_boot_stub.a(boot.o)
 .debug_ranges  0x000000c0       0x30 /home/pi/pinetime-rust-mynewt/bin/targets/nrf52_boot/app/hw/bsp/nrf52/hw_bsp_nrf52.a(hal_bsp.o)
 .debug_ranges  0x000000f0       0x10 /home/pi/pinetime-rust-mynewt/bin/targets/nrf52_boot/app/hw/cmsis-core/hw_cmsis-core.a(cmsis_nvic.o)
 .debug_ranges  0x00000100       0x20 /home/pi/pinetime-rust-mynewt/bin/targets/nrf52_boot/app/hw/hal/hw_hal.a(hal_common.o)
 .debug_ranges  0x00000120       0x18 /home/pi/pinetime-rust-mynewt/bin/targets/nrf52_boot/app/hw/mcu/nordic/nrf52xxx/hw_mcu_nordic_nrf52xxx.a(hal_system_start.o)
 .debug_ranges  0x00000138       0x18 /home/pi/pinetime-rust-mynewt/bin/targets/nrf52_boot/app/hw/mcu/nordic/nrf52xxx/hw_mcu_nordic_nrf52xxx.a(nrf52_periph.o)
 .debug_ranges  0x00000150       0x98 /home/pi/pinetime-rust-mynewt/bin/targets/nrf52_boot/app/hw/mcu/nordic/nrf52xxx/hw_mcu_nordic_nrf52xxx.a(hal_timer.o)
 .debug_ranges  0x000001e8       0x18 /home/pi/pinetime-rust-mynewt/bin/targets/nrf52_boot/app/kernel/os/kernel_os.a(os_fault.o)
 .debug_ranges  0x00000200       0x50 /home/pi/pinetime-rust-mynewt/bin/targets/nrf52_boot/app/kernel/os/kernel_os.a(os_cputime.o)
 .debug_ranges  0x00000250       0x58 /home/pi/pinetime-rust-mynewt/bin/targets/nrf52_boot/app/kernel/os/kernel_os.a(os_arch_arm.o)
 .debug_ranges  0x000002a8       0x80 /home/pi/pinetime-rust-mynewt/bin/targets/nrf52_boot/app/kernel/os/kernel_os.a(os_sched.o)
 .debug_ranges  0x00000328       0x88 /home/pi/pinetime-rust-mynewt/bin/targets/nrf52_boot/app/kernel/os/kernel_os.a(os_time.o)

.debug_frame    0x00000000      0x9d4
 .debug_frame   0x00000000       0x30 /home/pi/pinetime-rust-mynewt/bin/targets/nrf52_boot/app/hw/bsp/nrf52/hw_bsp_nrf52.a(sbrk.o)
 .debug_frame   0x00000030       0x58 /home/pi/pinetime-rust-mynewt/bin/targets/nrf52_boot/app/hw/mcu/nordic/nrf52xxx/hw_mcu_nordic_nrf52xxx.a(hal_system.o)
 .debug_frame   0x00000088       0xb8 /home/pi/pinetime-rust-mynewt/bin/targets/nrf52_boot/app/hw/mcu/nordic/nrf52xxx/hw_mcu_nordic_nrf52xxx.a(system_nrf52.o)
 .debug_frame   0x00000140       0x38 /home/pi/pinetime-rust-mynewt/bin/targets/nrf52_boot/app/libc/baselibc/libc_baselibc.a(start.o)
 .debug_frame   0x00000178       0x28 /home/pi/pinetime-rust-mynewt/bin/targets/nrf52_boot/app/apps/boot_stub/apps_boot_stub.a(boot.o)
 .debug_frame   0x000001a0       0x68 /home/pi/pinetime-rust-mynewt/bin/targets/nrf52_boot/app/hw/bsp/nrf52/hw_bsp_nrf52.a(hal_bsp.o)
 .debug_frame   0x00000208       0x20 /home/pi/pinetime-rust-mynewt/bin/targets/nrf52_boot/app/hw/cmsis-core/hw_cmsis-core.a(cmsis_nvic.o)
 .debug_frame   0x00000228       0x50 /home/pi/pinetime-rust-mynewt/bin/targets/nrf52_boot/app/hw/hal/hw_hal.a(hal_common.o)
 .debug_frame   0x00000278       0x38 /home/pi/pinetime-rust-mynewt/bin/targets/nrf52_boot/app/hw/mcu/nordic/nrf52xxx/hw_mcu_nordic_nrf52xxx.a(hal_system_start.o)
 .debug_frame   0x000002b0       0x40 /home/pi/pinetime-rust-mynewt/bin/targets/nrf52_boot/app/hw/mcu/nordic/nrf52xxx/hw_mcu_nordic_nrf52xxx.a(nrf52_periph.o)
 .debug_frame   0x000002f0      0x1e8 /home/pi/pinetime-rust-mynewt/bin/targets/nrf52_boot/app/hw/mcu/nordic/nrf52xxx/hw_mcu_nordic_nrf52xxx.a(hal_timer.o)
 .debug_frame   0x000004d8       0x40 /home/pi/pinetime-rust-mynewt/bin/targets/nrf52_boot/app/kernel/os/kernel_os.a(os_fault.o)
 .debug_frame   0x00000518       0xec /home/pi/pinetime-rust-mynewt/bin/targets/nrf52_boot/app/kernel/os/kernel_os.a(os_cputime.o)
 .debug_frame   0x00000604       0xf4 /home/pi/pinetime-rust-mynewt/bin/targets/nrf52_boot/app/kernel/os/kernel_os.a(os_arch_arm.o)
 .debug_frame   0x000006f8      0x120 /home/pi/pinetime-rust-mynewt/bin/targets/nrf52_boot/app/kernel/os/kernel_os.a(os_sched.o)
 .debug_frame   0x00000818      0x1bc /home/pi/pinetime-rust-mynewt/bin/targets/nrf52_boot/app/kernel/os/kernel_os.a(os_time.o)
